main.c:130:6:f_GPIO_Init__set__IDC_C_as_full_output	40	static
main.c:163:6:f_GPIO_Init__set__IDC_A_as_full_output	32	static
main.c:196:6:f_GPIO_Init__set__IDC_A_as_full_input_pulled_up	32	static
main.c:277:6:f_sys_usbHID__SCOPE__CLEAN__U32_DMA_BUFFER	0	static
main.c:294:6:f__insert_indexed_u16_hid_parameter_to_TX_array	0	static
main.c:306:6:f_u16__return_indexed_u16_hid_parameter_from_RX_array	0	static
main.c:324:6:USB_HID_QUERY_read_ports_to_TX_ARRAY	8	static
main.c:361:6:f__start_record_with_TIMER_ADC_DMA	8	static
main.c:369:6:USB_HID_QUERY_HANDLE	24	static
main.c:658:6:f_SYSTICK__prepare_time_flags_at_out_of_INTERRUPT	0	static
main.c:697:6:HAL_TIM_OC_DelayElapsedCallback	0	static
main.c:706:6:HAL_TIM_PeriodElapsedCallback	8	static
main.c:720:6:f__fill_adc_dma_buffer_with_test_values	0	static
main.c:779:6:f__END_OF_RECORD	0	static
main.c:784:6:HAL_ADC_ConvCpltCallback	8	static
main.c:806:25:HAL_ADC_ConvHalfCpltCallback	0	static
main.c:810:25:HAL_ADC_LevelOutOfWindowCallback	0	static
main.c:814:25:HAL_ADC_ErrorCallback	0	static
main.c:826:6:f__ligth_ON_LED__RED__RECORD	8	static
main.c:831:6:f__ligth_OFF_LED__RED__RECORD	8	static
main.c:836:6:f__ligth_ON_LED__GREEN__READY	8	static
main.c:841:6:f__ligth_OFF_LED__GREEN__READY	8	static
main.c:847:6:f__1ms_base_main_state_machine	8	static
main.c:1030:6:f__startup_IO_tests	8	static
main.c:1083:6:f__1ms_base_function_test	8	static
main.c:1109:6:f__1ms_base_led_blink_control	8	static
main.c:1356:6:_Error_Handler	0	static
main.c:1291:6:SystemClock_Config	88	static
main.c:1167:5:main	8	static
