usbd_customhid.c:427:18:USBD_CUSTOM_HID_GetCfgDesc	0	static
usbd_customhid.c:440:17:USBD_CUSTOM_HID_DataIn	0	static
usbd_customhid.c:533:9:USBD_CUSTOM_HID_EP0_RxReady	8	static
usbd_customhid.c:553:18:USBD_CUSTOM_HID_GetDeviceQualifierDesc	0	static
usbd_customhid.c:313:17:USBD_CUSTOM_HID_Setup	8	static
usbd_customhid.c:285:17:USBD_CUSTOM_HID_DeInit	8	static
usbd_customhid.c:241:17:USBD_CUSTOM_HID_Init	16	static
usbd_customhid.c:400:9:USBD_CUSTOM_HID_SendReport	16	static
usbd_customhid.c:484:19:USBD_CUSTOM_HID_DataOut	16	static
usbd_customhid.c:565:10:USBD_CUSTOM_HID_RegisterInterface	0	static
